WARNING: All log messages before absl::InitializeLog() is called are written to STDERR
I0000 00:00:1791219617.218292    6210 port.cc:153] oneDNN custom operations are on. You may see slightly different numerical results due to floating-point round-off errors from different computation orders. To turn them off, set the environment variable `TF_ENABLE_ONEDNN_OPTS=0`.
I0000 00:00:1791219617.292504    6210 cpu_feature_guard.cc:227] This TensorFlow binary is optimized to use available CPU instructions in performance-critical operations.
To enable the following instructions: AVX2 AVX512F AVX512_VNNI FMA, in other operations, rebuild TensorFlow with the appropriate compiler flags.
WARNING: All log messages before absl::InitializeLog() is called are written to STDERR
I0000 00:00:1791219619.762183    6210 port.cc:153] oneDNN custom operations are on. You may see slightly different numerical results due to floating-point round-off errors from different computation orders. To turn them off, set the environment variable `TF_ENABLE_ONEDNN_OPTS=0`.
I0000 00:00:1791219619.763063    6210 cudart_stub.cc:31] Could not find cuda drivers on your machine, GPU will not be used.
Asking to truncate to max_length but no maximum length is provided and the model has no predefined maximum length. Default to no truncation.
[eval] 8/967  0.48 s/clip  eta 7.7 min
[eval] 88/967  0.17 s/clip  eta 2.4 min
[eval] 168/967  0.15 s/clip  eta 2.0 min
[eval] 248/967  0.14 s/clip  eta 1.7 min
[eval] 328/967  0.14 s/clip  eta 1.5 min
[eval] 408/967  0.14 s/clip  eta 1.3 min
[eval] 488/967  0.14 s/clip  eta 1.1 min
[eval] 568/967  0.14 s/clip  eta 1.0 min
[eval] 648/967  0.14 s/clip  eta 0.8 min
[eval] 728/967  0.15 s/clip  eta 0.6 min
[eval] 808/967  0.15 s/clip  eta 0.4 min
[eval] 888/967  0.15 s/clip  eta 0.2 min
[eval] 967/967  0.14 s/clip  eta 0.0 min
{'bleu1': 49.08626703899568, 'bleu2': 36.211916394557925, 'bleu3': 28.37821623403216, 'bleu4': 22.787835534239992}
Rouge: 41.59
{
  "n": 967,
  "missing": 0,
  "bleu": {
    "bleu1": 49.08626703899568,
    "bleu2": 36.211916394557925,
    "bleu3": 28.37821623403216,
    "bleu4": 22.787835534239992
  },
  "rouge_l": 41.5898825246006,
  "wall_s": 140.06946601599998
}
[eval] wrote /content/drive/MyDrive/sltedge/probe_scale/evals/eval_dev_unadapt_fps16.json
WARNING: All log messages before absl::InitializeLog() is called are written to STDERR
I0000 00:00:1791219818.171802    7178 port.cc:153] oneDNN custom operations are on. You may see slightly different numerical results due to floating-point round-off errors from different computation orders. To turn them off, set the environment variable `TF_ENABLE_ONEDNN_OPTS=0`.
I0000 00:00:1791219818.255888    7178 cpu_feature_guard.cc:227] This TensorFlow binary is optimized to use available CPU instructions in performance-critical operations.
To enable the following instructions: AVX2 AVX512F AVX512_VNNI FMA, in other operations, rebuild TensorFlow with the appropriate compiler flags.
WARNING: All log messages before absl::InitializeLog() is called are written to STDERR
I0000 00:00:1791219820.795608    7178 port.cc:153] oneDNN custom operations are on. You may see slightly different numerical results due to floating-point round-off errors from different computation orders. To turn them off, set the environment variable `TF_ENABLE_ONEDNN_OPTS=0`.
I0000 00:00:1791219820.796535    7178 cudart_stub.cc:31] Could not find cuda drivers on your machine, GPU will not be used.
Asking to truncate to max_length but no maximum length is provided and the model has no predefined maximum length. Default to no truncation.
[eval] 8/967  0.24 s/clip  eta 3.9 min
[eval] 88/967  0.14 s/clip  eta 2.1 min
[eval] 168/967  0.14 s/clip  eta 1.8 min
[eval] 248/967  0.13 s/clip  eta 1.6 min
[eval] 328/967  0.13 s/clip  eta 1.4 min
[eval] 408/967  0.14 s/clip  eta 1.3 min
[eval] 488/967  0.13 s/clip  eta 1.1 min
[eval] 568/967  0.14 s/clip  eta 0.9 min
[eval] 648/967  0.14 s/clip  eta 0.7 min
[eval] 728/967  0.14 s/clip  eta 0.6 min
[eval] 808/967  0.14 s/clip  eta 0.4 min
[eval] 888/967  0.14 s/clip  eta 0.2 min
[eval] 967/967  0.14 s/clip  eta 0.0 min
{'bleu1': 49.45119935340367, 'bleu2': 36.394829663743195, 'bleu3': 28.483421880500348, 'bleu4': 22.869094868115145}
Rouge: 41.99
{
  "n": 967,
  "missing": 0,
  "bleu": {
    "bleu1": 49.45119935340367,
    "bleu2": 36.394829663743195,
    "bleu3": 28.483421880500348,
    "bleu4": 22.869094868115145
  },
  "rouge_l": 41.99410894933419,
  "wall_s": 133.91299868800002
}
[eval] wrote /content/drive/MyDrive/sltedge/probe_scale/evals/eval_dev_adapt_fps16_n500.json
[ci] 967 paired clips, 1000 resamples
[ci] 967 paired clips, 1000 resamples
  bleu4     22.79 ->  22.87   delta  +0.08  95% CI [-0.31, +0.48]  NOT ESTABLISHED (CI includes 0)
WARNING: All log messages before absl::InitializeLog() is called are written to STDERR
I0000 00:00:1791220483.649356   10196 port.cc:153] oneDNN custom operations are on. You may see slightly different numerical results due to floating-point round-off errors from different computation orders. To turn them off, set the environment variable `TF_ENABLE_ONEDNN_OPTS=0`.
I0000 00:00:1791220483.725146   10196 cpu_feature_guard.cc:227] This TensorFlow binary is optimized to use available CPU instructions in performance-critical operations.
To enable the following instructions: AVX2 AVX512F AVX512_VNNI FMA, in other operations, rebuild TensorFlow with the appropriate compiler flags.
WARNING: All log messages before absl::InitializeLog() is called are written to STDERR
I0000 00:00:1791220486.417869   10196 port.cc:153] oneDNN custom operations are on. You may see slightly different numerical results due to floating-point round-off errors from different computation orders. To turn them off, set the environment variable `TF_ENABLE_ONEDNN_OPTS=0`.
I0000 00:00:1791220486.418677   10196 cudart_stub.cc:31] Could not find cuda drivers on your machine, GPU will not be used.
Asking to truncate to max_length but no maximum length is provided and the model has no predefined maximum length. Default to no truncation.
[eval] 8/967  0.25 s/clip  eta 4.0 min
[eval] 88/967  0.15 s/clip  eta 2.2 min
[eval] 168/967  0.14 s/clip  eta 1.9 min
[eval] 248/967  0.14 s/clip  eta 1.7 min
[eval] 328/967  0.14 s/clip  eta 1.5 min
  bleu4     22.79 ->  22.87   delta  +0.08  95% CI [-0.31, +0.48]  NOT ESTABLISHED (CI includes 0)
[eval] 408/967  0.14 s/clip  eta 1.3 min
[eval] 488/967  0.14 s/clip  eta 1.1 min
[eval] 568/967  0.14 s/clip  eta 0.9 min
[eval] 648/967  0.14 s/clip  eta 0.8 min
[eval] 728/967  0.14 s/clip  eta 0.6 min
[eval] 808/967  0.14 s/clip  eta 0.4 min
[eval] 888/967  0.14 s/clip  eta 0.2 min
[eval] 967/967  0.14 s/clip  eta 0.0 min
{'bleu1': 49.58117134602712, 'bleu2': 36.611696602235256, 'bleu3': 28.788580685483524, 'bleu4': 23.23215354879553}
Rouge: 41.99
{
  "n": 967,
  "missing": 0,
  "bleu": {
    "bleu1": 49.58117134602712,
    "bleu2": 36.611696602235256,
    "bleu3": 28.788580685483524,
    "bleu4": 23.23215354879553
  },
  "rouge_l": 41.98764229412604,
  "wall_s": 138.58232609700008
}
[eval] wrote /content/drive/MyDrive/sltedge/probe_scale/evals/eval_dev_adapt_fps16_n920.json
WARNING: All log messages before absl::InitializeLog() is called are written to STDERR
I0000 00:00:1791221523.470537   14847 port.cc:153] oneDNN custom operations are on. You may see slightly different numerical results due to floating-point round-off errors from different computation orders. To turn them off, set the environment variable `TF_ENABLE_ONEDNN_OPTS=0`.
I0000 00:00:1791221523.545219   14847 cpu_feature_guard.cc:227] This TensorFlow binary is optimized to use available CPU instructions in performance-critical operations.
To enable the following instructions: AVX2 AVX512F AVX512_VNNI FMA, in other operations, rebuild TensorFlow with the appropriate compiler flags.
WARNING: All log messages before absl::InitializeLog() is called are written to STDERR
I0000 00:00:1791221526.033886   14847 port.cc:153] oneDNN custom operations are on. You may see slightly different numerical results due to floating-point round-off errors from different computation orders. To turn them off, set the environment variable `TF_ENABLE_ONEDNN_OPTS=0`.
I0000 00:00:1791221526.034878   14847 cudart_stub.cc:31] Could not find cuda drivers on your machine, GPU will not be used.
Asking to truncate to max_length but no maximum length is provided and the model has no predefined maximum length. Default to no truncation.
[eval] 8/967  0.25 s/clip  eta 4.0 min
[eval] 88/967  0.14 s/clip  eta 2.0 min
[eval] 168/967  0.14 s/clip  eta 1.8 min
[eval] 248/967  0.13 s/clip  eta 1.6 min
[eval] 328/967  0.13 s/clip  eta 1.4 min
[eval] 408/967  0.14 s/clip  eta 1.3 min
[eval] 488/967  0.14 s/clip  eta 1.1 min
[eval] 568/967  0.14 s/clip  eta 0.9 min
[eval] 648/967  0.14 s/clip  eta 0.7 min
[eval] 728/967  0.14 s/clip  eta 0.6 min
[eval] 808/967  0.14 s/clip  eta 0.4 min
[eval] 888/967  0.14 s/clip  eta 0.2 min
[eval] 967/967  0.14 s/clip  eta 0.0 min
{'bleu1': 49.705621867713646, 'bleu2': 36.653750412068135, 'bleu3': 28.770031943776228, 'bleu4': 23.1643948375459}
Rouge: 42.32
{
  "n": 967,
  "missing": 0,
  "bleu": {
    "bleu1": 49.705621867713646,
    "bleu2": 36.653750412068135,
    "bleu3": 28.770031943776228,
    "bleu4": 23.1643948375459
  },
  "rouge_l": 42.316665773092225,
  "wall_s": 133.83105419599997
}
[eval] wrote /content/drive/MyDrive/sltedge/probe_scale/evals/eval_dev_adapt_fps16_n2000.json
WARNING: All log messages before absl::InitializeLog() is called are written to STDERR
I0000 00:00:1791221895.205598   16584 port.cc:153] oneDNN custom operations are on. You may see slightly different numerical results due to floating-point round-off errors from different computation orders. To turn them off, set the environment variable `TF_ENABLE_ONEDNN_OPTS=0`.
I0000 00:00:1791221895.280415   16584 cpu_feature_guard.cc:227] This TensorFlow binary is optimized to use available CPU instructions in performance-critical operations.
To enable the following instructions: AVX2 AVX512F AVX512_VNNI FMA, in other operations, rebuild TensorFlow with the appropriate compiler flags.
WARNING: All log messages before absl::InitializeLog() is called are written to STDERR
I0000 00:00:1791221897.820850   16584 port.cc:153] oneDNN custom operations are on. You may see slightly different numerical results due to floating-point round-off errors from different computation orders. To turn them off, set the environment variable `TF_ENABLE_ONEDNN_OPTS=0`.
I0000 00:00:1791221897.821734   16584 cudart_stub.cc:31] Could not find cuda drivers on your machine, GPU will not be used.
Asking to truncate to max_length but no maximum length is provided and the model has no predefined maximum length. Default to no truncation.
[eval] 8/967  0.25 s/clip  eta 4.0 min
[eval] 88/967  0.15 s/clip  eta 2.1 min
[eval] 168/967  0.14 s/clip  eta 1.9 min
[eval] 248/967  0.14 s/clip  eta 1.7 min
[eval] 328/967  0.14 s/clip  eta 1.5 min
[eval] 408/967  0.14 s/clip  eta 1.3 min
[eval] 488/967  0.14 s/clip  eta 1.1 min
[eval] 568/967  0.14 s/clip  eta 0.9 min
[eval] 648/967  0.14 s/clip  eta 0.8 min
[eval] 728/967  0.14 s/clip  eta 0.6 min
[eval] 808/967  0.14 s/clip  eta 0.4 min
[eval] 888/967  0.14 s/clip  eta 0.2 min
[eval] 967/967  0.14 s/clip  eta 0.0 min
{'bleu1': 49.681080439317626, 'bleu2': 36.597138310980085, 'bleu3': 28.693788466583285, 'bleu4': 23.039376895730687}
Rouge: 42.13
{
  "n": 967,
  "missing": 0,
  "bleu": {
    "bleu1": 49.681080439317626,
    "bleu2": 36.597138310980085,
    "bleu3": 28.693788466583285,
    "bleu4": 23.039376895730687
  },
  "rouge_l": 42.12863246804808,
  "wall_s": 138.459473033
}
[eval] wrote /content/drive/MyDrive/sltedge/probe_scale/evals/eval_dev_adapt_fps16_n5000.json
WARNING: All log messages before absl::InitializeLog() is called are written to STDERR
I0000 00:00:1791222827.524967   20698 port.cc:153] oneDNN custom operations are on. You may see slightly different numerical results due to floating-point round-off errors from different computation orders. To turn them off, set the environment variable `TF_ENABLE_ONEDNN_OPTS=0`.
I0000 00:00:1791222827.600449   20698 cpu_feature_guard.cc:227] This TensorFlow binary is optimized to use available CPU instructions in performance-critical operations.
To enable the following instructions: AVX2 AVX512F AVX512_VNNI FMA, in other operations, rebuild TensorFlow with the appropriate compiler flags.
WARNING: All log messages before absl::InitializeLog() is called are written to STDERR
I0000 00:00:1791222830.087301   20698 port.cc:153] oneDNN custom operations are on. You may see slightly different numerical results due to floating-point round-off errors from different computation orders. To turn them off, set the environment variable `TF_ENABLE_ONEDNN_OPTS=0`.
I0000 00:00:1791222830.088168   20698 cudart_stub.cc:31] Could not find cuda drivers on your machine, GPU will not be used.
Asking to truncate to max_length but no maximum length is provided and the model has no predefined maximum length. Default to no truncation.
[eval] 8/967  0.25 s/clip  eta 4.0 min
[eval] 88/967  0.14 s/clip  eta 2.1 min
[eval] 168/967  0.14 s/clip  eta 1.8 min
[eval] 248/967  0.13 s/clip  eta 1.6 min
[eval] 328/967  0.13 s/clip  eta 1.4 min
[eval] 408/967  0.14 s/clip  eta 1.3 min
[eval] 488/967  0.14 s/clip  eta 1.1 min
[eval] 568/967  0.14 s/clip  eta 0.9 min
[eval] 648/967  0.14 s/clip  eta 0.7 min
[eval] 728/967  0.14 s/clip  eta 0.6 min
[eval] 808/967  0.14 s/clip  eta 0.4 min
[eval] 888/967  0.14 s/clip  eta 0.2 min
[eval] 967/967  0.14 s/clip  eta 0.0 min
{'bleu1': 50.1051857001509, 'bleu2': 36.9132333336677, 'bleu3': 28.92211486425207, 'bleu4': 23.197169622085383}
Rouge: 42.61
{
  "n": 967,
  "missing": 0,
  "bleu": {
    "bleu1": 50.1051857001509,
    "bleu2": 36.9132333336677,
    "bleu3": 28.92211486425207,
    "bleu4": 23.197169622085383
  },
  "rouge_l": 42.60636073426267,
  "wall_s": 134.43931855700066
}
[eval] wrote /content/drive/MyDrive/sltedge/probe_scale/evals/eval_dev_adapt_fps16_n20000.json
