
[cache] fadvise DONTNEED on 23 files (9.96 GB) under ['models', 'weights', 'data', 'results']: MemFree 3104 -> 3966 MB, Cached 2521 -> 1664 MB
[build] decoder_step <- decoder_step.onnx
        input_ids                                min=(1, 1) opt=(1, 1) max=(1, 1)
        encoder_attention_mask                   min=(1, 1) opt=(1, 264) max=(1, 512)
        past_key_values.0.decoder.key            min=(1, 12, 1, 64) opt=(1, 12, 64, 64) max=(1, 12, 127, 64)
        past_key_values.0.decoder.value          min=(1, 12, 1, 64) opt=(1, 12, 64, 64) max=(1, 12, 127, 64)
        past_key_values.0.encoder.key            min=(1, 12, 1, 64) opt=(1, 12, 264, 64) max=(1, 12, 512, 64)
        past_key_values.0.encoder.value          min=(1, 12, 1, 64) opt=(1, 12, 264, 64) max=(1, 12, 512, 64)
        ... 44 more inputs with the same pattern
[09/18/2026-23:21:37] [TRT] [I] [MemUsageChange] Init CUDA: CPU +14, GPU +0, now: CPU 137, GPU 2258 (MiB)
[09/18/2026-23:21:38] [TRT] [I] [MemUsageChange] Init builder kernel library: CPU +421, GPU +414, now: CPU 623, GPU 2740 (MiB)
[09/18/2026-23:21:38] [TRT] [W] ModelImporter.cpp:516: Make sure input input_ids has Int64 binding.
[09/18/2026-23:21:38] [TRT] [W] ModelImporter.cpp:516: Make sure input encoder_attention_mask has Int64 binding.
[trt] building models/mt5_pruned_onnx/decoder_step_bf16.engine (fp16=False, bf16=True) ... this can take minutes on Orin Nano
[09/18/2026-23:21:38] [TRT] [W] DLA requests all profiles have same min, max, and opt value. All dla layers are falling back to GPU
[09/18/2026-23:21:41] [TRT] [I] Local timing cache in use. Profiling results in this builder pass will not be stored.
[09/18/2026-23:21:54] [TRT] [I] Compiler backend is used during engine build.
[09/18/2026-23:22:07] [TRT] [I] Detected 50 inputs and 25 output network tensors.
[09/18/2026-23:22:12] [TRT] [I] Total Host Persistent Memory: 5920 bytes
[09/18/2026-23:22:12] [TRT] [I] Total Device Persistent Memory: 0 bytes
[09/18/2026-23:22:12] [TRT] [I] Max Scratch Memory: 35328 bytes
[09/18/2026-23:22:12] [TRT] [I] [BlockAssignment] Started assigning block shifts. This will take 75 steps to complete.
[09/18/2026-23:22:12] [TRT] [I] [BlockAssignment] Algorithm ShiftNTopDown took 13.4618ms to assign 75 blocks to 75 nodes requiring 28362752 bytes.
[09/18/2026-23:22:12] [TRT] [I] Total Activation Memory: 28362752 bytes
[09/18/2026-23:22:12] [TRT] [I] Total Weights Memory: 278351104 bytes
[09/18/2026-23:22:12] [TRT] [I] Compiler backend is used during engine execution.
[09/18/2026-23:22:12] [TRT] [I] Engine generation completed in 31.0996 seconds.
[09/18/2026-23:22:12] [TRT] [I] [MemUsageStats] Peak memory usage of TRT CPU/GPU memory allocators: CPU 265 MiB, GPU 292 MiB
[trt] wrote models/mt5_pruned_onnx/decoder_step_bf16.engine (281.7 MB)
