
[cache] fadvise DONTNEED on 22 files (9.65 GB) under ['models', 'weights', 'data', 'results']: MemFree 3423 -> 3915 MB, Cached 2203 -> 1716 MB
[build] decoder_init <- decoder_init.onnx
        input_ids                                min=(1, 1) opt=(1, 1) max=(1, 128)
        encoder_hidden_states                    min=(1, 1, 768) opt=(1, 264, 768) max=(1, 512, 768)
        encoder_attention_mask                   min=(1, 1) opt=(1, 264) max=(1, 512)
[09/18/2026-23:20:30] [TRT] [I] [MemUsageChange] Init CUDA: CPU +14, GPU +0, now: CPU 137, GPU 2278 (MiB)
[09/18/2026-23:20:31] [TRT] [I] [MemUsageChange] Init builder kernel library: CPU +421, GPU +420, now: CPU 623, GPU 2765 (MiB)
[09/18/2026-23:20:31] [TRT] [W] ModelImporter.cpp:516: Make sure input input_ids has Int64 binding.
[09/18/2026-23:20:31] [TRT] [W] ModelImporter.cpp:516: Make sure input encoder_attention_mask has Int64 binding.
[trt] building models/mt5_pruned_onnx/decoder_init_bf16.engine (fp16=False, bf16=True) ... this can take minutes on Orin Nano
[09/18/2026-23:20:31] [TRT] [W] DLA requests all profiles have same min, max, and opt value. All dla layers are falling back to GPU
[09/18/2026-23:20:35] [TRT] [I] Local timing cache in use. Profiling results in this builder pass will not be stored.
[09/18/2026-23:20:50] [TRT] [I] Compiler backend is used during engine build.
[09/18/2026-23:21:13] [TRT] [I] Detected 3 inputs and 49 output network tensors.
[09/18/2026-23:21:17] [TRT] [I] Total Host Persistent Memory: 4080 bytes
[09/18/2026-23:21:17] [TRT] [I] Total Device Persistent Memory: 0 bytes
[09/18/2026-23:21:17] [TRT] [I] Max Scratch Memory: 37748736 bytes
[09/18/2026-23:21:17] [TRT] [I] [BlockAssignment] Started assigning block shifts. This will take 51 steps to complete.
[09/18/2026-23:21:17] [TRT] [I] [BlockAssignment] Algorithm ShiftNTopDown took 5.93885ms to assign 51 blocks to 51 nodes requiring 68804096 bytes.
[09/18/2026-23:21:17] [TRT] [I] Total Activation Memory: 68804096 bytes
[09/18/2026-23:21:17] [TRT] [I] Total Weights Memory: 306662656 bytes
[09/18/2026-23:21:17] [TRT] [I] Compiler backend is used during engine execution.
[09/18/2026-23:21:17] [TRT] [I] Engine generation completed in 42.926 seconds.
[09/18/2026-23:21:17] [TRT] [I] [MemUsageStats] Peak memory usage of TRT CPU/GPU memory allocators: CPU 292 MiB, GPU 358 MiB
[trt] wrote models/mt5_pruned_onnx/decoder_init_bf16.engine (310.5 MB)
