
[cache] fadvise DONTNEED on 20 files (9.19 GB) under ['models', 'weights', 'data', 'results']: MemFree 3608 -> 4410 MB, Cached 2416 -> 1617 MB
[build] decoder_step <- decoder_step.onnx
        input_ids                                min=(1, 1) opt=(1, 1) max=(1, 1)
        encoder_attention_mask                   min=(1, 1) opt=(1, 264) max=(1, 512)
        past_key_values.0.decoder.key            min=(1, 12, 1, 64) opt=(1, 12, 64, 64) max=(1, 12, 127, 64)
        past_key_values.0.decoder.value          min=(1, 12, 1, 64) opt=(1, 12, 64, 64) max=(1, 12, 127, 64)
        past_key_values.0.encoder.key            min=(1, 12, 1, 64) opt=(1, 12, 264, 64) max=(1, 12, 512, 64)
        past_key_values.0.encoder.value          min=(1, 12, 1, 64) opt=(1, 12, 264, 64) max=(1, 12, 512, 64)
        ... 44 more inputs with the same pattern
[09/18/2026-23:15:23] [TRT] [I] [MemUsageChange] Init CUDA: CPU +14, GPU +0, now: CPU 137, GPU 1901 (MiB)
[09/18/2026-23:15:25] [TRT] [I] [MemUsageChange] Init builder kernel library: CPU +421, GPU +420, now: CPU 623, GPU 2386 (MiB)
[09/18/2026-23:15:25] [TRT] [W] ModelImporter.cpp:516: Make sure input input_ids has Int64 binding.
[09/18/2026-23:15:25] [TRT] [W] ModelImporter.cpp:516: Make sure input encoder_attention_mask has Int64 binding.
[trt] building models/mt5_pruned_onnx/decoder_step_fp16.engine (fp16=True) ... this can take minutes on Orin Nano
[09/18/2026-23:15:26] [TRT] [W] DLA requests all profiles have same min, max, and opt value. All dla layers are falling back to GPU
[09/18/2026-23:15:29] [TRT] [W] Detected layernorm nodes in FP16.
[09/18/2026-23:15:29] [TRT] [W] Running layernorm after self-attention with FP16 Reduce or Pow may cause overflow. Forcing Reduce or Pow Layers in FP32 precision, or exporting the model to use INormalizationLayer (available with ONNX opset >= 17) can help preserving accuracy.
[09/18/2026-23:15:29] [TRT] [I] Local timing cache in use. Profiling results in this builder pass will not be stored.
[09/18/2026-23:15:31] [TRT] [I] Compiler backend is used during engine build.
[09/18/2026-23:16:12] [TRT] [I] Detected 50 inputs and 25 output network tensors.
[09/18/2026-23:16:12] [TRT] [I] Total Host Persistent Memory: 80 bytes
[09/18/2026-23:16:12] [TRT] [I] Total Device Persistent Memory: 0 bytes
[09/18/2026-23:16:12] [TRT] [I] Max Scratch Memory: 90624 bytes
[09/18/2026-23:16:12] [TRT] [I] [BlockAssignment] Started assigning block shifts. This will take 2 steps to complete.
[09/18/2026-23:16:12] [TRT] [I] [BlockAssignment] Algorithm ShiftNTopDown took 0.041185ms to assign 2 blocks to 2 nodes requiring 91136 bytes.
[09/18/2026-23:16:12] [TRT] [I] Total Activation Memory: 91136 bytes
[09/18/2026-23:16:12] [TRT] [I] Total Weights Memory: 278350720 bytes
[09/18/2026-23:16:12] [TRT] [I] Compiler backend is used during engine execution.
[09/18/2026-23:16:12] [TRT] [I] Engine generation completed in 43.4846 seconds.
[09/18/2026-23:16:12] [TRT] [I] [MemUsageStats] Peak memory usage of TRT CPU/GPU memory allocators: CPU 265 MiB, GPU 319 MiB
[trt] wrote models/mt5_pruned_onnx/decoder_step_fp16.engine (279.9 MB)
