
{
  "n_frames": 20,
  "simcc_max_abs_diff": 0.03925800323486328,
  "simcc_mean_abs_diff": 0.001802943197152028,
  "keypoint_max_abs_diff_px": 6.50390625,
  "keypoint_worst": {
    "px": 6.50390625,
    "frame": 7,
    "keypoint": 95,
    "ref_score": 0.5762662291526794
  },
  "n_confident_keypoints": 2458,
  "min_score": 0.3,
  "keypoint_max_abs_diff_px_all_incl_unconfident": 138.75,
  "score_max_abs_diff": 0.006485342979431152,
  "keypoint_px_percentiles": {
    "p50": 0.0,
    "p90": 2.16796875,
    "p99": 2.16796875,
    "p99.9": 6.50390625
  },
  "keypoint_frac_within_px": {
    "0.5px": 0.8852725793327909,
    "1px": 0.8852725793327909,
    "2px": 0.8852725793327909,
    "5px": 0.9983726606997559
  },
  "keypoint_n_over_atol": 282,
  "PASS": false
}
