=== Mon Sep 28 15:36:50 CDT 2026 starting/resuming reference-pose fetch
[fetch] archive 32.1 GB over 8 parts; reading index ...
[fetch] 98420 members, index cost 13.6 MB
[fetch] 1/976 Mci9oyb5V2E-00:00:05.333-00:00:11.166 (18 MB fetched so far)
[fetch] 21/976 CnBZlJ39ESQ-00:03:54.433-00:05:08.366 (102 MB fetched so far)
[fetch] 41/976 nyrUt0INMOA-00:01:24.600-00:01:28.166 (181 MB fetched so far)
[fetch] 61/976 IolWzNB2TJ0-00:00:09.033-00:00:12.666 (261 MB fetched so far)
[fetch] 81/976 NJQ7M-rFtFQ-00:00:04.633-00:00:08.366 (341 MB fetched so far)
[fetch] 101/976 6xIMOHq41ZE-00:00:50.266-00:00:56.100 (420 MB fetched so far)
[fetch] 121/976 TPGwtrWWZic-00:01:17.033-00:01:26.133 (500 MB fetched so far)
[fetch] 141/976 ypsSYB5vDxY-00:02:26.133-00:02:33.500 (584 MB fetched so far)
[fetch] 161/976 nX9QyndZpuc-00:03:12.733-00:03:17.533 (664 MB fetched so far)
[fetch] 181/976 fZ3tPElWpmQ-00:00:08.166-00:00:08.766 (743 MB fetched so far)
[fetch] 201/976 nsjNUhF_s94-00:00:14.166-00:00:20.200 (823 MB fetched so far)
[fetch] 221/976 XQzQ3F81ik8-00:02:56.100-00:03:02.566 (903 MB fetched so far)
[fetch] 241/976 dLzmPt2segw-00:02:26.600-00:02:30.533 (983 MB fetched so far)
[fetch] 261/976 zpKzb1SBN3Y-00:07:36.100-00:07:39.533 (1066 MB fetched so far)
[fetch] 281/976 1qMSlb1sbXw-00:05:41.166-00:05:45.366 (1142 MB fetched so far)
[fetch] 301/976 _GGnds1j594-00:04:02.566-00:04:06.100 (1222 MB fetched so far)
[fetch] 321/976 TMsVV9Y4wRM-00:01:19.466-00:01:23.233 (1293 MB fetched so far)
[fetch] 341/976 i96QICT6BiU-00:03:38.733-00:03:47.233 (1377 MB fetched so far)
[fetch] 361/976 lqvoj7arHjI-00:05:54.233-00:05:57.700 (1456 MB fetched so far)
[fetch] 381/976 9oAD9JRPPIQ-00:06:10.700-00:06:15.633 (1536 MB fetched so far)
[fetch] 401/976 YR7BS6l_95E-00:09:00.633-00:09:12.233 (1616 MB fetched so far)
[fetch] 421/976 k5Gxbifw8s8-00:08:10.300-00:08:14.733 (1696 MB fetched so far)
[fetch] 441/976 aWYgWpsTAjo-00:00:53.400-00:01:12.533 (1775 MB fetched so far)
[fetch] 461/976 bySOi__Kauk-00:06:18.100-00:06:24.266 (1855 MB fetched so far)
[fetch] 481/976 1U-rv8VSGpE-00:07:12.433-00:07:15.066 (1935 MB fetched so far)
[fetch] 501/976 GmpPSx_UekY-00:09:23.033-00:09:28.533 (2014 MB fetched so far)
[fetch] 521/976 qilEmtLS5Qk-00:02:09.200-00:02:15.166 (2098 MB fetched so far)
[fetch] 541/976 Bd2YIcGbbJg-00:02:53.233-00:02:59.366 (2169 MB fetched so far)
[fetch] 561/976 VOHbrquVRWU-00:10:44.100-00:10:51.233 (2253 MB fetched so far)
[fetch] 581/976 GvkCfTMdL7E-00:06:02.533-00:06:16.033 (2337 MB fetched so far)
[fetch] 601/976 zl5Q-PahKrQ-00:02:09.766-00:02:32.033 (2417 MB fetched so far)
[fetch] 621/976 pzJWeaAXFHs-00:12:01.200-00:12:11.266 (2497 MB fetched so far)
[fetch] 641/976 0JWnUGQrtIs-00:01:11.533-00:01:40.500 (2576 MB fetched so far)
[fetch] 661/976 UBHIPWeJzUE-00:06:03.200-00:06:12.433 (2660 MB fetched so far)
[fetch] 681/976 gALXtpV4IY8-00:00:00.000-00:00:02.633 (2744 MB fetched so far)
[fetch] 701/976 oUljxXXBVfY-00:14:30.700-00:14:37.233 (2828 MB fetched so far)
[fetch] 721/976 jEjtVRj8yRA-00:00:52.566-00:01:07.500 (2908 MB fetched so far)
[fetch] 761/976 lIE16P1LVhc-00:09:09.700-00:09:16.366 (3063 MB fetched so far)
[fetch] 781/976 j2iRHiIYtTg-00:05:25.300-00:05:28.166 (3147 MB fetched so far)
[fetch] 801/976 NBpYolVo5WQ-00:13:36.633-00:13:45.100 (3231 MB fetched so far)
[fetch] 821/976 wPJ_InXF_I8-00:02:52.200-00:02:56.466 (3310 MB fetched so far)
[fetch] 841/976 Z1lF3UCb5sM-00:18:22.233-00:18:25.166 (3386 MB fetched so far)
[fetch] 861/976 pimixabgzlc-00:05:07.666-00:05:10.033 (3470 MB fetched so far)
[fetch] 881/976 8lvz5LG50wc-00:16:32.566-00:16:34.133 (3554 MB fetched so far)
[fetch] 901/976 oC8_PahiMVs-00:02:30.500-00:02:32.000 (3633 MB fetched so far)
[fetch] 921/976 l97V32eVY9g-00:01:42.500-00:01:48.600 (3713 MB fetched so far)
[fetch] 941/976 Wv8juaN202w-00:18:44.500-00:18:47.166 (3797 MB fetched so far)
[fetch] 961/976 LdVNY2ze-Yw-00:08:08.033-00:08:09.533 (3881 MB fetched so far)
[fetch] done: 976 written to data/openasl_pose, 0 not in archive, 3939.5 MB transferred
=== Mon Sep 28 15:46:05 CDT 2026 exited rc=0
