
[env] python: 3.12.3
[env] platform: Linux-5.15.148-tegra-aarch64-with-glibc2.39
[env] jetpack: unknown (nvidia-jetpack package not found)
[env] l4t: R36.4.7
[env] nvpmodel: mode 0 (15W) from /var/lib/nvpmodel/status
[env] torch: 2.8.0a0+5228986c39.nv25.06
[env] torch_cuda: 12.9
[env] cuda_available: True
[env] gpu: Orin
[env] tensorrt: 10.11.0.33
[env] nvcc: V12.9.86
  input  input                                    (1, 3, 384, 288) DataType.FLOAT
  output simcc_x                                  (1, 133, 576) DataType.FLOAT
  output simcc_y                                  (1, 133, 768) DataType.FLOAT
{
  "n_frames": 299,
  "wall_s": 26.368,
  "fps_end_to_end": 11.34,
  "preprocess_ms": {
    "mean": 10.902,
    "median": 10.895,
    "p95": 11.138,
    "min": 8.329,
    "max": 12.74
  },
  "trt_ms": {
    "mean": 66.736,
    "median": 66.767,
    "p95": 66.913,
    "min": 66.076,
    "max": 66.989
  },
  "postprocess_ms": {
    "mean": 1.51,
    "median": 1.508,
    "p95": 1.587,
    "min": 0.992,
    "max": 2.596
  },
  "total_ms": {
    "mean": 79.149,
    "median": 79.177,
    "p95": 79.464,
    "min": 76.419,
    "max": 81.673
  }
}
[infer] wrote results/rtmpose_trt_fp32.json
