
[env] python: 3.12.3
[env] platform: Linux-5.15.148-tegra-aarch64-with-glibc2.39
[env] jetpack: unknown (nvidia-jetpack package not found)
[env] l4t: R36.4.7
[env] nvpmodel: mode 0 (15W) from /var/lib/nvpmodel/status
[env] gpu_max_MHz: 612.0
[env] gpu_min_MHz: 306.0
[env] cpu_max_MHz: 1497.6
[env] torch: 2.8.0a0+5228986c39.nv25.06
[env] torch_cuda: 12.9
[env] cuda_available: True
[env] gpu: Orin
[env] tensorrt: 10.11.0.33
[env] nvcc: V12.9.86
  input  input                                    (1, 3, 384, 288) DataType.FLOAT
  output simcc_x                                  (1, 133, 576) DataType.FLOAT
  output simcc_y                                  (1, 133, 768) DataType.FLOAT
{
  "n_frames": 299,
  "wall_s": 13.841,
  "fps_end_to_end": 21.6,
  "preprocess_ms": {
    "mean": 10.814,
    "median": 10.828,
    "p95": 11.495,
    "min": 5.817,
    "max": 14.34
  },
  "trt_ms": {
    "mean": 25.142,
    "median": 23.655,
    "p95": 34.005,
    "min": 16.585,
    "max": 34.566
  },
  "postprocess_ms": {
    "mean": 1.591,
    "median": 1.534,
    "p95": 1.987,
    "min": 1.064,
    "max": 2.719
  },
  "total_ms": {
    "mean": 37.547,
    "median": 35.989,
    "p95": 47.19,
    "min": 28.884,
    "max": 49.412
  }
}
[infer] wrote results/rtmposex_trt_fp16mixed.json
