
[env] python: 3.12.3
[env] platform: Linux-5.15.148-tegra-aarch64-with-glibc2.39
[env] jetpack: unknown (nvidia-jetpack package not found)
[env] l4t: R36.4.7
[env] nvpmodel: mode 0 (15W) from /var/lib/nvpmodel/status
[env] gpu_max_MHz: 612.0
[env] gpu_min_MHz: 306.0
[env] cpu_max_MHz: 1497.6
[env] torch: 2.8.0a0+5228986c39.nv25.06
[env] torch_cuda: 12.9
[env] cuda_available: True
[env] gpu: Orin
[env] tensorrt: 10.11.0.33
[env] nvcc: V12.9.86
  input  input                                    (1, 3, 384, 288) DataType.FLOAT
  output simcc_x                                  (1, 133, 576) DataType.FLOAT
  output simcc_y                                  (1, 133, 768) DataType.FLOAT
{
  "n_frames": 299,
  "wall_s": 14.051,
  "fps_end_to_end": 21.28,
  "preprocess_ms": {
    "mean": 10.458,
    "median": 10.889,
    "p95": 11.521,
    "min": 5.695,
    "max": 13.912
  },
  "trt_ms": {
    "mean": 26.184,
    "median": 23.147,
    "p95": 33.082,
    "min": 16.104,
    "max": 33.699
  },
  "postprocess_ms": {
    "mean": 1.655,
    "median": 1.548,
    "p95": 2.017,
    "min": 1.011,
    "max": 3.576
  },
  "total_ms": {
    "mean": 38.297,
    "median": 35.567,
    "p95": 46.373,
    "min": 24.423,
    "max": 48.443
  }
}
[infer] wrote results/rtmposex_trt_fp16.json
