
[env] python: 3.12.3
[env] platform: Linux-5.15.148-tegra-aarch64-with-glibc2.39
[env] jetpack: unknown (nvidia-jetpack package not found)
[env] l4t: R36.4.7
[env] nvpmodel: mode 0 (15W) from /var/lib/nvpmodel/status
[env] gpu_max_MHz: 612.0
[env] gpu_min_MHz: 306.0
[env] cpu_max_MHz: 1497.6
[env] torch: 2.8.0a0+5228986c39.nv25.06
[env] torch_cuda: 12.9
[env] cuda_available: True
[env] gpu: Orin
[env] tensorrt: 10.11.0.33
[env] nvcc: V12.9.86
  input  input                                    (1, 3, 256, 192) DataType.FLOAT
  output simcc_x                                  (1, 133, 384) DataType.FLOAT
  output simcc_y                                  (1, 133, 512) DataType.FLOAT
{
  "n_frames": 299,
  "wall_s": 8.585,
  "fps_end_to_end": 34.83,
  "preprocess_ms": {
    "mean": 5.653,
    "median": 5.871,
    "p95": 6.448,
    "min": 3.575,
    "max": 6.988
  },
  "trt_ms": {
    "mean": 14.107,
    "median": 14.272,
    "p95": 14.485,
    "min": 12.696,
    "max": 24.801
  },
  "postprocess_ms": {
    "mean": 1.359,
    "median": 1.354,
    "p95": 1.519,
    "min": 1.03,
    "max": 2.732
  },
  "total_ms": {
    "mean": 21.119,
    "median": 21.444,
    "p95": 22.228,
    "min": 17.814,
    "max": 31.762
  }
}
[infer] wrote results/rtmw_trt_fp16.json
