
[env] python: 3.12.3
[env] platform: Linux-5.15.148-tegra-aarch64-with-glibc2.39
[env] jetpack: unknown (nvidia-jetpack package not found)
[env] l4t: R36.4.7
[env] nvpmodel: mode 0 (15W) from /var/lib/nvpmodel/status
[env] gpu_max_MHz: 612.0
[env] gpu_min_MHz: 306.0
[env] cpu_max_MHz: 1497.6
[env] torch: 2.8.0a0+5228986c39.nv25.06
[env] torch_cuda: 12.9
[env] cuda_available: True
[env] gpu: Orin
[env] tensorrt: 10.11.0.33
[env] nvcc: V12.9.86
  input  input                                    (1, 3, 256, 192) DataType.FLOAT
  output simcc_x                                  (1, 133, 384) DataType.FLOAT
  output simcc_y                                  (1, 133, 512) DataType.FLOAT
[power] backend=sysfs interval=100ms
{
  "env": {
    "python": "3.12.3",
    "platform": "Linux-5.15.148-tegra-aarch64-with-glibc2.39",
    "jetpack": "unknown (nvidia-jetpack package not found)",
    "l4t": "R36.4.7",
    "nvpmodel": "mode 0 (15W) from /var/lib/nvpmodel/status",
    "gpu_max_MHz": 612.0,
    "gpu_min_MHz": 306.0,
    "cpu_max_MHz": 1497.6,
    "torch": "2.8.0a0+5228986c39.nv25.06",
    "torch_cuda": "12.9",
    "cuda_available": true,
    "gpu": "Orin",
    "tensorrt": "10.11.0.33",
    "nvcc": "V12.9.86"
  },
  "latency": {
    "n_frames": 299,
    "wall_s": 7.502,
    "fps_end_to_end": 39.86,
    "preprocess_ms": {
      "mean": 4.67,
      "median": 4.823,
      "p95": 5.407,
      "min": 3.588,
      "max": 7.0
    },
    "trt_ms": {
      "mean": 13.765,
      "median": 14.136,
      "p95": 14.304,
      "min": 7.371,
      "max": 15.09
    },
    "postprocess_ms": {
      "mean": 1.245,
      "median": 1.246,
      "p95": 1.454,
      "min": 0.828,
      "max": 1.659
    },
    "total_ms": {
      "mean": 19.679,
      "median": 20.129,
      "p95": 20.926,
      "min": 15.511,
      "max": 21.478
    },
    "n_frames_total": 897
  },
  "power": {
    "n_samples": 231,
    "duration_s": 23.061,
    "rails_mW_avg": {
      "VDD_CPU_GPU_CV": 1380.0,
      "VDD_IN": 4924.8,
      "VDD_SOC": 1296.5
    },
    "rails_mW_max": {
      "VDD_CPU_GPU_CV": 1570.0,
      "VDD_IN": 5273.5,
      "VDD_SOC": 1409.0
    },
    "aux_avg": {
      "GR3D_FREQ_pct": 52.5,
      "cpu0_MHz": 1029.49,
      "fan_pwm": 69.0,
      "fan_rpm": 1520.39,
      "gpu_MHz": 309.53,
      "temp_cpu_C": 49.26,
      "temp_gpu_C": 49.7,
      "temp_soc0_C": 49.39,
      "temp_soc1_C": 48.49,
      "temp_soc2_C": 48.77,
      "temp_tj_C": 49.7
    },
    "total_rail": "VDD_IN",
    "avg_watts": 4.925,
    "energy_mJ": 113649.6,
    "baseline_watts": 3.587,
    "dynamic_energy_mJ": 30937.3,
    "n_frames": 897,
    "mJ_per_frame": 126.7,
    "dynamic_mJ_per_frame": 34.49
  }
}
