
[env] python: 3.12.3
[env] platform: Linux-5.15.148-tegra-aarch64-with-glibc2.39
[env] jetpack: unknown (nvidia-jetpack package not found)
[env] l4t: R36.4.7
[env] nvpmodel: mode 0 (15W) from /var/lib/nvpmodel/status
[env] gpu_max_MHz: 612.0
[env] gpu_min_MHz: 306.0
[env] cpu_max_MHz: 1497.6
[env] torch: 2.8.0a0+5228986c39.nv25.06
[env] torch_cuda: 12.9
[env] cuda_available: True
[env] gpu: Orin
[env] tensorrt: 10.11.0.33
[env] nvcc: V12.9.86
  input  input                                    (1, 3, 384, 288) DataType.FLOAT
  output simcc_x                                  (1, 133, 576) DataType.FLOAT
  output simcc_y                                  (1, 133, 768) DataType.FLOAT
[power] backend=sysfs interval=100ms
{
  "env": {
    "python": "3.12.3",
    "platform": "Linux-5.15.148-tegra-aarch64-with-glibc2.39",
    "jetpack": "unknown (nvidia-jetpack package not found)",
    "l4t": "R36.4.7",
    "nvpmodel": "mode 0 (15W) from /var/lib/nvpmodel/status",
    "gpu_max_MHz": 612.0,
    "gpu_min_MHz": 306.0,
    "cpu_max_MHz": 1497.6,
    "torch": "2.8.0a0+5228986c39.nv25.06",
    "torch_cuda": "12.9",
    "cuda_available": true,
    "gpu": "Orin",
    "tensorrt": "10.11.0.33",
    "nvcc": "V12.9.86"
  },
  "latency": {
    "n_frames": 299,
    "wall_s": 12.519,
    "fps_end_to_end": 23.88,
    "preprocess_ms": {
      "mean": 10.227,
      "median": 10.159,
      "p95": 12.698,
      "min": 6.12,
      "max": 14.012
    },
    "trt_ms": {
      "mean": 23.32,
      "median": 23.525,
      "p95": 23.721,
      "min": 16.582,
      "max": 25.361
    },
    "postprocess_ms": {
      "mean": 1.452,
      "median": 1.446,
      "p95": 1.578,
      "min": 1.025,
      "max": 1.903
    },
    "total_ms": {
      "mean": 34.999,
      "median": 35.104,
      "p95": 37.787,
      "min": 30.117,
      "max": 39.008
    },
    "n_frames_total": 897
  },
  "power": {
    "n_samples": 385,
    "duration_s": 38.441,
    "rails_mW_avg": {
      "VDD_CPU_GPU_CV": 2076.1,
      "VDD_IN": 6150.0,
      "VDD_SOC": 1605.2
    },
    "rails_mW_max": {
      "VDD_CPU_GPU_CV": 2608.3,
      "VDD_IN": 6913.0,
      "VDD_SOC": 1688.1
    },
    "aux_avg": {
      "GR3D_FREQ_pct": 53.42,
      "cpu0_MHz": 918.51,
      "fan_pwm": 69.75,
      "fan_rpm": 1537.86,
      "gpu_MHz": 413.3,
      "temp_cpu_C": 49.57,
      "temp_gpu_C": 50.26,
      "temp_soc0_C": 49.7,
      "temp_soc1_C": 48.73,
      "temp_soc2_C": 49.2,
      "temp_tj_C": 50.26
    },
    "total_rail": "VDD_IN",
    "avg_watts": 6.15,
    "energy_mJ": 236513.0,
    "baseline_watts": 3.596,
    "dynamic_energy_mJ": 98292.4,
    "n_frames": 897,
    "mJ_per_frame": 263.67,
    "dynamic_mJ_per_frame": 109.58
  }
}
