
[env] python: 3.12.3
[env] platform: Linux-5.15.148-tegra-aarch64-with-glibc2.39
[env] jetpack: unknown (nvidia-jetpack package not found)
[env] l4t: R36.4.7
[env] nvpmodel: mode 0 (15W) from /var/lib/nvpmodel/status
[env] gpu_max_MHz: 612.0
[env] gpu_min_MHz: 306.0
[env] cpu_max_MHz: 1497.6
[env] torch: 2.8.0a0+5228986c39.nv25.06
[env] torch_cuda: 12.9
[env] cuda_available: True
[env] gpu: Orin
[env] tensorrt: 10.11.0.33
[env] nvcc: V12.9.86
  input  input                                    (1, 3, 384, 288) DataType.FLOAT
  output simcc_x                                  (1, 133, 576) DataType.FLOAT
  output simcc_y                                  (1, 133, 768) DataType.FLOAT
[power] backend=sysfs interval=100ms
{
  "env": {
    "python": "3.12.3",
    "platform": "Linux-5.15.148-tegra-aarch64-with-glibc2.39",
    "jetpack": "unknown (nvidia-jetpack package not found)",
    "l4t": "R36.4.7",
    "nvpmodel": "mode 0 (15W) from /var/lib/nvpmodel/status",
    "gpu_max_MHz": 612.0,
    "gpu_min_MHz": 306.0,
    "cpu_max_MHz": 1497.6,
    "torch": "2.8.0a0+5228986c39.nv25.06",
    "torch_cuda": "12.9",
    "cuda_available": true,
    "gpu": "Orin",
    "tensorrt": "10.11.0.33",
    "nvcc": "V12.9.86"
  },
  "latency": {
    "n_frames": 299,
    "wall_s": 25.976,
    "fps_end_to_end": 11.51,
    "preprocess_ms": {
      "mean": 10.99,
      "median": 10.812,
      "p95": 12.021,
      "min": 10.649,
      "max": 13.902
    },
    "trt_ms": {
      "mean": 66.676,
      "median": 66.68,
      "p95": 66.877,
      "min": 66.378,
      "max": 68.84
    },
    "postprocess_ms": {
      "mean": 1.544,
      "median": 1.538,
      "p95": 1.619,
      "min": 1.424,
      "max": 1.943
    },
    "total_ms": {
      "mean": 79.21,
      "median": 79.056,
      "p95": 80.553,
      "min": 78.635,
      "max": 82.179
    },
    "n_frames_total": 897
  },
  "power": {
    "n_samples": 802,
    "duration_s": 80.1,
    "rails_mW_avg": {
      "VDD_CPU_GPU_CV": 3541.7,
      "VDD_IN": 8199.9,
      "VDD_SOC": 1800.3
    },
    "rails_mW_max": {
      "VDD_CPU_GPU_CV": 4153.3,
      "VDD_IN": 9120.0,
      "VDD_SOC": 1920.0
    },
    "aux_avg": {
      "GR3D_FREQ_pct": 74.31,
      "cpu0_MHz": 865.58,
      "fan_pwm": 76.04,
      "fan_rpm": 1717.7,
      "gpu_MHz": 611.62,
      "temp_cpu_C": 51.49,
      "temp_gpu_C": 52.62,
      "temp_soc0_C": 51.52,
      "temp_soc1_C": 50.45,
      "temp_soc2_C": 51.3,
      "temp_tj_C": 52.62
    },
    "total_rail": "VDD_IN",
    "avg_watts": 8.2,
    "energy_mJ": 657075.8,
    "baseline_watts": 3.615,
    "dynamic_energy_mJ": 367490.0,
    "n_frames": 897,
    "mJ_per_frame": 732.53,
    "dynamic_mJ_per_frame": 409.69
  }
}
