
Loading weights:   0%|          | 0/284 [00:00<?, ?it/s]
Loading weights: 100%|██████████| 284/284 [00:00<00:00, 16537.77it/s]
[transformers] The tied weights mapping and config for this model specifies to tie shared.weight to lm_head.weight, but both are present in the checkpoints with different values, so we will NOT tie them. You should update the config with `tie_word_embeddings=False` to silence this warning.
[train] trainable 5.35 M of 243.5 M params; target fps source; max_length 256
[train] 20000 clips, 5000 batches/epoch, batch 4 x accum 2
{'bleu1': 50.186812910129774, 'bleu2': 36.89057957936213, 'bleu3': 28.856171799748335, 'bleu4': 23.13314038497775}
Rouge: 42.93
[eval] before: BLEU-4 23.13 on 967 clips
[train] ep 0 step 100 loss 0.3601 lr 4.04e-05 800/20000 clips  0.04 s/clip  eta 12.6 min
[train] ep 0 step 200 loss 0.3661 lr 8.04e-05 1600/20000 clips  0.04 s/clip  eta 12.1 min
[train] ep 0 step 300 loss 0.3595 lr 9.99e-05 2400/20000 clips  0.04 s/clip  eta 11.5 min
[train] ep 0 step 400 loss 0.3600 lr 9.89e-05 3200/20000 clips  0.04 s/clip  eta 11.0 min
[train] ep 0 step 500 loss 0.3586 lr 9.70e-05 4000/20000 clips  0.04 s/clip  eta 10.4 min
[train] checkpoint at ep 0 step 500 (batch 1000/5000)
[train] ep 0 step 600 loss 0.3601 lr 9.41e-05 4800/20000 clips  0.04 s/clip  eta 9.9 min
[train] ep 0 step 700 loss 0.3609 lr 9.05e-05 5600/20000 clips  0.04 s/clip  eta 9.4 min
[train] ep 0 step 800 loss 0.3612 lr 8.60e-05 6400/20000 clips  0.04 s/clip  eta 8.8 min
[train] ep 0 step 900 loss 0.3595 lr 8.08e-05 7200/20000 clips  0.04 s/clip  eta 8.3 min
[train] ep 0 step 1000 loss 0.3594 lr 7.50e-05 8000/20000 clips  0.04 s/clip  eta 7.8 min
[train] checkpoint at ep 0 step 1000 (batch 2000/5000)
[train] ep 0 step 1100 loss 0.3590 lr 6.87e-05 8800/20000 clips  0.04 s/clip  eta 7.3 min
[train] ep 0 step 1200 loss 0.3580 lr 6.21e-05 9600/20000 clips  0.04 s/clip  eta 6.7 min
[train] ep 0 step 1300 loss 0.3596 lr 5.52e-05 10400/20000 clips  0.04 s/clip  eta 6.2 min
[train] ep 0 step 1400 loss 0.3597 lr 4.83e-05 11200/20000 clips  0.04 s/clip  eta 5.7 min
[train] ep 0 step 1500 loss 0.3590 lr 4.13e-05 12000/20000 clips  0.04 s/clip  eta 5.2 min
[train] checkpoint at ep 0 step 1500 (batch 3000/5000)
[train] ep 0 step 1600 loss 0.3589 lr 3.45e-05 12800/20000 clips  0.04 s/clip  eta 4.6 min
[train] ep 0 step 1700 loss 0.3592 lr 2.81e-05 13600/20000 clips  0.04 s/clip  eta 4.1 min
[train] ep 0 step 1800 loss 0.3584 lr 2.20e-05 14400/20000 clips  0.04 s/clip  eta 3.6 min
[train] ep 0 step 1900 loss 0.3578 lr 1.65e-05 15200/20000 clips  0.04 s/clip  eta 3.1 min
[train] ep 0 step 2000 loss 0.3564 lr 1.17e-05 16000/20000 clips  0.04 s/clip  eta 2.6 min
[train] checkpoint at ep 0 step 2000 (batch 4000/5000)
[train] ep 0 step 2100 loss 0.3559 lr 7.60e-06 16800/20000 clips  0.04 s/clip  eta 2.1 min
[train] ep 0 step 2200 loss 0.3554 lr 4.32e-06 17600/20000 clips  0.04 s/clip  eta 1.5 min
[train] ep 0 step 2300 loss 0.3561 lr 1.94e-06 18400/20000 clips  0.04 s/clip  eta 1.0 min
[train] ep 0 step 2400 loss 0.3558 lr 4.87e-07 19200/20000 clips  0.04 s/clip  eta 0.5 min
[train] ep 0 step 2500 loss 0.3550 lr 0.00e+00 20000/20000 clips  0.04 s/clip  eta 0.0 min
[train] checkpoint at ep 0 step 2500 (batch 5000/5000)
[train] epoch 0 done: loss 0.3550, 773 s
{'bleu1': 50.006821282401084, 'bleu2': 36.69955317989576, 'bleu3': 28.57674390104246, 'bleu4': 22.752023981427733}
Rouge: 43.51
[eval] epoch 0: BLEU-4 22.75 ROUGE-L 43.51 on 967 clips
        ref : Are you all bored being stuck at home?
        pred: I m doing all boring now and I m stuck at home.
        ref : There might be some songs you know.
        pred: Maybe you know the majority of them.
        ref : So, we are granting complementary membership fees for all Jr. NAD chapters… and for those who want to establish a new Jr. NAD chapter!
        pred: Each year we will be exempt from paying annual membership fees and that includes a chance for those who want to establish a new chapter, where they can establish a new
[train] wrote /content/runs/ctrl_ls0_lr1e4/last.pt and /content/runs/ctrl_ls0_lr1e4/adapted_full.pth (570 MB)
