
Loading weights:   0%|          | 0/284 [00:00<?, ?it/s]
Loading weights: 100%|██████████| 284/284 [00:00<00:00, 16527.21it/s]
[transformers] The tied weights mapping and config for this model specifies to tie shared.weight to lm_head.weight, but both are present in the checkpoints with different values, so we will NOT tie them. You should update the config with `tie_word_embeddings=False` to silence this warning.
[train] trainable 5.35 M of 243.5 M params; target fps source; max_length 256
[train] 20000 clips, 5000 batches/epoch, batch 4 x accum 2
[train] ep 0 step 100 loss 0.3705 lr 4.04e-06 800/20000 clips  0.04 s/clip  eta 12.8 min
[train] ep 0 step 200 loss 0.3741 lr 8.04e-06 1600/20000 clips  0.04 s/clip  eta 12.1 min
[train] ep 0 step 300 loss 0.3644 lr 9.99e-06 2400/20000 clips  0.04 s/clip  eta 11.5 min
[train] ep 0 step 400 loss 0.3616 lr 9.89e-06 3200/20000 clips  0.04 s/clip  eta 10.9 min
[train] ep 0 step 500 loss 0.3587 lr 9.70e-06 4000/20000 clips  0.04 s/clip  eta 10.3 min
[train] checkpoint at ep 0 step 500 (batch 1000/5000)
[train] ep 0 step 600 loss 0.3589 lr 9.41e-06 4800/20000 clips  0.04 s/clip  eta 9.8 min
[train] ep 0 step 700 loss 0.3583 lr 9.05e-06 5600/20000 clips  0.04 s/clip  eta 9.3 min
[train] ep 0 step 800 loss 0.3578 lr 8.60e-06 6400/20000 clips  0.04 s/clip  eta 8.7 min
[train] ep 0 step 900 loss 0.3556 lr 8.08e-06 7200/20000 clips  0.04 s/clip  eta 8.2 min
[train] ep 0 step 1000 loss 0.3550 lr 7.50e-06 8000/20000 clips  0.04 s/clip  eta 7.7 min
[train] checkpoint at ep 0 step 1000 (batch 2000/5000)
[train] ep 0 step 1100 loss 0.3544 lr 6.87e-06 8800/20000 clips  0.04 s/clip  eta 7.2 min
[train] ep 0 step 1200 loss 0.3532 lr 6.21e-06 9600/20000 clips  0.04 s/clip  eta 6.6 min
[train] ep 0 step 1300 loss 0.3547 lr 5.52e-06 10400/20000 clips  0.04 s/clip  eta 6.1 min
[train] ep 0 step 1400 loss 0.3546 lr 4.83e-06 11200/20000 clips  0.04 s/clip  eta 5.6 min
[train] ep 0 step 1500 loss 0.3541 lr 4.13e-06 12000/20000 clips  0.04 s/clip  eta 5.1 min
[train] checkpoint at ep 0 step 1500 (batch 3000/5000)
[train] ep 0 step 1600 loss 0.3542 lr 3.45e-06 12800/20000 clips  0.04 s/clip  eta 4.6 min
[train] ep 0 step 1700 loss 0.3547 lr 2.81e-06 13600/20000 clips  0.04 s/clip  eta 4.1 min
[train] ep 0 step 1800 loss 0.3541 lr 2.20e-06 14400/20000 clips  0.04 s/clip  eta 3.5 min
[train] ep 0 step 1900 loss 0.3537 lr 1.65e-06 15200/20000 clips  0.04 s/clip  eta 3.0 min
[train] ep 0 step 2000 loss 0.3526 lr 1.17e-06 16000/20000 clips  0.04 s/clip  eta 2.5 min
[train] checkpoint at ep 0 step 2000 (batch 4000/5000)
[train] ep 0 step 2100 loss 0.3523 lr 7.60e-07 16800/20000 clips  0.04 s/clip  eta 2.0 min
[train] ep 0 step 2200 loss 0.3521 lr 4.32e-07 17600/20000 clips  0.04 s/clip  eta 1.5 min
[train] ep 0 step 2300 loss 0.3530 lr 1.94e-07 18400/20000 clips  0.04 s/clip  eta 1.0 min
[train] ep 0 step 2400 loss 0.3529 lr 4.87e-08 19200/20000 clips  0.04 s/clip  eta 0.5 min
[train] ep 0 step 2500 loss 0.3523 lr 0.00e+00 20000/20000 clips  0.04 s/clip  eta 0.0 min
[train] checkpoint at ep 0 step 2500 (batch 5000/5000)
[train] epoch 0 done: loss 0.3523, 756 s
{'bleu1': 50.49859019324669, 'bleu2': 37.201219293870246, 'bleu3': 29.12248105094383, 'bleu4': 23.313257075543106}
Rouge: 43.63
[eval] epoch 0: BLEU-4 23.31 ROUGE-L 43.63 on 967 clips
        ref : Are you all bored being stuck at home?
        pred: All boring now, I m stuck at home!
        ref : There might be some songs you know.
        pred: Maybe you know the majority of them.
        ref : So, we are granting complementary membership fees for all Jr. NAD chapters… and for those who want to establish a new Jr. NAD chapter!
        pred: Each year we will be exempt from paying annual membership fees and that includes funds for those who want to establish a new chapter at the NAD.
[train] wrote /content/runs/ctrl_ls0_lr1e5/last.pt and /content/runs/ctrl_ls0_lr1e5/adapted_full.pth (570 MB)
