2026-09-30 17:31:17.780247: I tensorflow/core/util/port.cc:153] oneDNN custom operations are on. You may see slightly different numerical results due to floating-point round-off errors from different computation orders. To turn them off, set the environment variable `TF_ENABLE_ONEDNN_OPTS=0`.
2026-09-30 17:31:17.854213: I tensorflow/core/platform/cpu_feature_guard.cc:210] This TensorFlow binary is optimized to use available CPU instructions in performance-critical operations.
To enable the following instructions: AVX2 AVX512F AVX512_VNNI FMA, in other operations, rebuild TensorFlow with the appropriate compiler flags.
[train] trainable 5.35 M of 243.5 M params; target fps 16.0; max_length 256
[train] 20000 clips, 5000 batches/epoch, batch 4 x accum 2
Asking to truncate to max_length but no maximum length is provided and the model has no predefined maximum length. Default to no truncation.
{'bleu1': 49.08626703899568, 'bleu2': 36.211916394557925, 'bleu3': 28.37821623403216, 'bleu4': 22.787835534239992}
Rouge: 41.59
[eval] before: BLEU-4 22.79 on 967 clips
[train] ep 0 step 100 loss 0.3973 lr 4.04e-06 800/20000 clips  0.04 s/clip  eta 14.0 min
[train] ep 0 step 200 loss 0.4002 lr 8.04e-06 1600/20000 clips  0.04 s/clip  eta 12.6 min
[train] ep 0 step 300 loss 0.3921 lr 9.99e-06 2400/20000 clips  0.04 s/clip  eta 11.8 min
[train] ep 0 step 400 loss 0.3890 lr 9.89e-06 3200/20000 clips  0.04 s/clip  eta 11.1 min
[train] ep 0 step 500 loss 0.3854 lr 9.70e-06 4000/20000 clips  0.04 s/clip  eta 10.4 min
[train] checkpoint at ep 0 step 500 (batch 1000/5000)
[train] ep 0 step 600 loss 0.3857 lr 9.41e-06 4800/20000 clips  0.04 s/clip  eta 9.8 min
[train] ep 0 step 700 loss 0.3852 lr 9.05e-06 5600/20000 clips  0.04 s/clip  eta 9.2 min
[train] ep 0 step 800 loss 0.3850 lr 8.60e-06 6400/20000 clips  0.04 s/clip  eta 8.6 min
[train] ep 0 step 900 loss 0.3826 lr 8.08e-06 7200/20000 clips  0.04 s/clip  eta 8.0 min
[train] ep 0 step 1000 loss 0.3817 lr 7.50e-06 8000/20000 clips  0.04 s/clip  eta 7.5 min
[train] checkpoint at ep 0 step 1000 (batch 2000/5000)
[train] ep 0 step 1100 loss 0.3811 lr 6.87e-06 8800/20000 clips  0.04 s/clip  eta 7.0 min
[train] ep 0 step 1200 loss 0.3799 lr 6.21e-06 9600/20000 clips  0.04 s/clip  eta 6.5 min
[train] ep 0 step 1300 loss 0.3819 lr 5.52e-06 10400/20000 clips  0.04 s/clip  eta 5.9 min
[train] ep 0 step 1400 loss 0.3817 lr 4.83e-06 11200/20000 clips  0.04 s/clip  eta 5.4 min
[train] ep 0 step 1500 loss 0.3808 lr 4.13e-06 12000/20000 clips  0.04 s/clip  eta 4.9 min
[train] checkpoint at ep 0 step 1500 (batch 3000/5000)
[train] ep 0 step 1600 loss 0.3809 lr 3.45e-06 12800/20000 clips  0.04 s/clip  eta 4.4 min
[train] ep 0 step 1700 loss 0.3809 lr 2.81e-06 13600/20000 clips  0.04 s/clip  eta 3.9 min
[train] ep 0 step 1800 loss 0.3801 lr 2.20e-06 14400/20000 clips  0.04 s/clip  eta 3.4 min
[train] ep 0 step 1900 loss 0.3798 lr 1.65e-06 15200/20000 clips  0.04 s/clip  eta 2.9 min
[train] ep 0 step 2000 loss 0.3788 lr 1.17e-06 16000/20000 clips  0.04 s/clip  eta 2.5 min
[train] checkpoint at ep 0 step 2000 (batch 4000/5000)
[train] ep 0 step 2100 loss 0.3785 lr 7.60e-07 16800/20000 clips  0.04 s/clip  eta 2.0 min
[train] ep 0 step 2200 loss 0.3783 lr 4.32e-07 17600/20000 clips  0.04 s/clip  eta 1.5 min
[train] ep 0 step 2300 loss 0.3792 lr 1.94e-07 18400/20000 clips  0.04 s/clip  eta 1.0 min
[train] ep 0 step 2400 loss 0.3792 lr 4.87e-08 19200/20000 clips  0.04 s/clip  eta 0.5 min
[train] ep 0 step 2500 loss 0.3785 lr 0.00e+00 20000/20000 clips  0.04 s/clip  eta 0.0 min
[train] checkpoint at ep 0 step 2500 (batch 5000/5000)
[train] epoch 0 done: loss 0.3785, 732 s
{'bleu1': 50.20615784254323, 'bleu2': 36.94654633020339, 'bleu3': 28.91681972432388, 'bleu4': 23.19282831049639}
Rouge: 42.60
[eval] epoch 0: BLEU-4 23.19 ROUGE-L 42.60 on 967 clips
        ref : Are you all bored being stuck at home?
        pred: For now, I m at home now.
        ref : There might be some songs you know.
        pred: Maybe you know the majority of the fish.
        ref : So, we are granting complementary membership fees for all Jr. NAD chapters… and for those who want to establish a new Jr. NAD chapter!
        pred: Every year we will not be able to pay anyone to pay for the annual membership fee and that includes funds for those who want to establish a new chapter, where they can establish a
[train] wrote /content/runs/fps16_lr1e5/last.pt and /content/runs/fps16_lr1e5/adapted_full.pth (570 MB)
